// Jest Snapshot v1, https://goo.gl/fbAQLP

exports[`feeds/inDev getAllConsultations should load raw feed data with empty cache 1`] = `
Object {
  "allowedRole": "CHTETeam",
  "areasOfInterestList": Array [],
  "consultationId": 1229,
  "consultationName": "Draft guidance",
  "consultationType": "Draft guidance",
  "developedAs": null,
  "eTag": null,
  "endDate": "2021-07-16T17:00:00",
  "firstChapterSlugOfFirstConvertedDocument": null,
  "firstConvertedDocumentId": null,
  "hasDocumentsWhichAllowConsultationComments": true,
  "isChte": true,
  "links": Object {
    "self": Array [
      Object {
        "href": "/guidance/GID-MT553/consultation/html-content",
      },
    ],
  },
  "origProjectReference": null,
  "partiallyUpdatedProjectReference": null,
  "process": "MT",
  "productTypeName": "Medical technologies guidance",
  "projectType": "MTG",
  "reference": "GID-MT553",
  "relevantTo": null,
  "resourceTitleId": "html-content",
  "showExpressionOfInterestSubmissionQuestion": false,
  "startDate": "2021-06-18T00:00:00",
  "title": "GID-MT553 Synergo for non-muscle-invasive bladder cancer",
}
`;

exports[`feeds/inDev getAllProjects should load raw feed data with empty cache 1`] = `
Object {
  "areasOfInterestList": Array [],
  "createdDate": "2014-07-16T13:14:34",
  "developedAs": null,
  "eTag": "01000000-0000-001B-0000-000000005402",
  "evidenceAssessmentGroup": null,
  "firstGoLiveDate": null,
  "idNumber": null,
  "lastModifiedDate": "2014-07-16T13:14:34",
  "links": Object {
    "self": Array [
      Object {
        "href": "/project/GID-TAG377",
      },
    ],
  },
  "process": "MTA",
  "productTypeName": "Technology appraisal guidance",
  "projectGroup": "Guidance",
  "projectType": "TA",
  "publishedDate": null,
  "reference": "GID-TAG377",
  "relevantTo": null,
  "status": "Discontinued",
  "title": "Atrial fibrillation - ximelagatran [ID376]",
}
`;
