// Jest Snapshot v1, https://goo.gl/fbAQLP

exports[`Homepage Hero should match snapshot 1`] = `
<div>
  <div />
  <main>
    <div
      class="container"
      data-component="container"
    >
      <div
        class="hero hero--dark hero"
        data-component="hero"
      >
        <div
          class="hero__container"
        >
          <div
            class="hero__body"
          >
            <h1
              class="hero__title"
            >
              Holding out for a homepage hero
            </h1>
            <p
              class="hero__intro"
            >
              'til the end of the night
            </p>
            <div
              class="hero__actions"
            >
              <a
                class="btn btn--cta"
                data-component="button--cta"
                href="https://www.youtube.com/watch?v=bWcASV2sey0&pp=ygUjYm9ubmllIHR5bGVyIGhvbGRpbmcgb3V0IGZvciBhIGhlcm8%3D"
              >
                Click this thing
              </a>
            </div>
          </div>
        </div>
        <div
          class="hero__image-container"
          style="background-image: url(https://placebacon.net/300/210?image=1/m/);"
        />
      </div>
    </div>
  </main>
  <noscript />
</div>
`;

exports[`Homepage should match snapshot 1`] = `
<div>
  <div />
  <main>
    <div
      class="container"
      data-component="container"
    >
      <div
        class="hero hero--dark hero"
        data-component="hero"
      >
        <div
          class="hero__container"
        >
          <div
            class="hero__body"
          >
            <h1
              class="hero__title"
            >
              Holding out for a homepage hero
            </h1>
            <p
              class="hero__intro"
            >
              'til the end of the night
            </p>
            <div
              class="hero__actions"
            >
              <a
                class="btn btn--cta"
                data-component="button--cta"
                href="https://www.youtube.com/watch?v=bWcASV2sey0&pp=ygUjYm9ubmllIHR5bGVyIGhvbGRpbmcgb3V0IGZvciBhIGhlcm8%3D"
              >
                Click this thing
              </a>
            </div>
          </div>
        </div>
        <div
          class="hero__image-container"
          style="background-image: url(https://placebacon.net/300/210?image=1/m/);"
        />
      </div>
      <section
        class="latestNews"
      >
        <h2
          class="title"
        >
          Latest from NICE
        </h2>
        <ol
          class="newsGrid"
        >
          <li
            class="newsItem"
          >
            <article
              class="newsCard "
            >
              <a
                aria-hidden="true"
                class="imageContainer"
                href="/i/am/a-very-full-slug"
                style="background-image: url(https://placekitten.com/200/286/m/868x0/filters:quality%2880%29);"
                tabindex="-1"
              >
                 
              </a>
              <div>
                <h3
                  class="heading"
                >
                  <a
                    href="/i/am/a-very-full-slug"
                  >
                    Test news article title
                  </a>
                </h3>
                <p>
                  Test intro text
                </p>
                <footer>
                  <div>
                    <span
                      class="tag tag--outline"
                      data-component="tag"
                    >
                      News
                    </span>
                    <span
                      class="date"
                    >
                      31 January 2024
                    </span>
                  </div>
                </footer>
              </div>
            </article>
          </li>
          <li
            class="newsItem"
          >
            <article
              class="newsCard "
            >
              <a
                aria-hidden="true"
                class="imageContainer"
                href="/i/am/a-very-full-slug"
                style="background-image: url(https://placekitten.com/200/139/m/868x0/filters:quality%2880%29);"
                tabindex="-1"
              >
                 
              </a>
              <div>
                <h3
                  class="heading"
                >
                  <a
                    href="/i/am/a-very-full-slug"
                  >
                    Test blog post title
                  </a>
                </h3>
                <p>
                  Let's play Blockbusters!
                </p>
                <footer>
                  <div
                    class="author"
                  >
                    <p
                      class="author"
                    >
                      by 
                      Bob Holness
                      , 
                      Blockbusters host
                    </p>
                  </div>
                  <div>
                    <span
                      class="tag tag--outline"
                      data-component="tag"
                    >
                      Blog
                    </span>
                    <span
                      class="date"
                    >
                      20 February 2024
                    </span>
                  </div>
                </footer>
              </div>
            </article>
          </li>
          <li
            class="newsItem"
          >
            <article
              class="newsCard "
            >
              <a
                aria-hidden="true"
                class="imageContainer"
                href="/i/am/a-very-full-slug"
                style="background-image: url(https://placekitten.com/200/286/m/868x0/filters:quality%2880%29);"
                tabindex="-1"
              >
                 
              </a>
              <div>
                <h3
                  class="heading"
                >
                  <a
                    href="/i/am/a-very-full-slug"
                  >
                    Test news article title
                  </a>
                </h3>
                <p>
                  Test intro text
                </p>
                <footer>
                  <div>
                    <span
                      class="tag tag--outline"
                      data-component="tag"
                    >
                      News
                    </span>
                    <span
                      class="date"
                    >
                      31 January 2024
                    </span>
                  </div>
                </footer>
              </div>
            </article>
          </li>
        </ol>
      </section>
      <div
        class="links"
      >
        <div
          class="linksContainer"
        >
          <div
            class="storyblokRichTextWrapper"
            data-testid="storyblok-rich-text"
          >
            <h2
              class="sbRichtextHeading2"
            >
              A mock h2 heading in a rich text field
            </h2>
            <h3
              class="sbRichtextHeading3"
            >
              A mock h3 heading
            </h3>
            <h4
              class="sbRichtextHeading4"
            >
              A mock h4 heading
            </h4>
            <h5
              class="sbRichtextHeading5"
            >
              A mock h5 heading
            </h5>
            <h6
              class="sbRichtextHeading6"
            >
              A mock h6 heading
            </h6>
            <p>
              Example text content.
            </p>
            <picture>
              <source
                srcset="https://placekitten.com/200/286/m/867x0/filters:format(avif):quality(80)/"
                type="image/avif"
              />
              <source
                srcset="https://placekitten.com/200/286/m/867x0/filters:format(webp):quality(80)/"
                type="image/webp"
              />
              <img
                alt="Kitten wearing mittens"
                loading="lazy"
                src="https://placekitten.com/200/286/m/867x0/filters:format(jpeg):quality(80)/"
              />
            </picture>
            <figure
              class="quote"
            >
              <blockquote>
                <p>
                  A inline quote in the rich text field of a news article. 
                </p>
              </blockquote>
            </figure>
          </div>
        </div>
      </div>
    </div>
  </main>
  <noscript />
</div>
`;
