// Jest Snapshot v1, https://goo.gl/fbAQLP

exports[`Default Next SEO config should match snapshot 1`] = `
Object {
  "additionalLinkTags": Array [
    Object {
      "href": "/favicon.ico",
      "rel": "icon",
    },
    Object {
      "href": "/icons/icon-16x16.png",
      "rel": "icon",
      "sizes": "16x16",
      "type": "image/png",
    },
    Object {
      "href": "/icons/icon-32x32.png",
      "rel": "icon",
      "sizes": "32x32",
      "type": "image/png",
    },
    Object {
      "href": "/icons/icon-120x120.png",
      "rel": "apple-touch-icon",
      "sizes": "120x120",
    },
    Object {
      "href": "/icons/icon-152x152.png",
      "rel": "apple-touch-icon",
      "sizes": "152x152",
    },
    Object {
      "href": "/icons/icon-167x167.png",
      "rel": "apple-touch-icon",
      "sizes": "167x167",
    },
    Object {
      "href": "/icons/icon-180x180.png",
      "rel": "apple-touch-icon",
      "sizes": "180x180",
    },
    Object {
      "color": "black",
      "href": "/icons/safari-pinned-tab.svg",
      "rel": "mask-icon",
    },
    Object {
      "href": "https://next-web-tests.nice.org.uk/",
      "rel": "canonical",
    },
  ],
  "additionalMetaTags": Array [
    Object {
      "content": "width=device-width, initial-scale=1, shrink-to-fit=no",
      "name": "viewport",
    },
    Object {
      "content": "NICE",
      "name": "application-name",
    },
    Object {
      "content": "NICE",
      "name": "DC:Publisher",
    },
    Object {
      "content": "All content on this site is NICE copyright unless otherwise stated. You can download material for private research, study or in-house use only. Do not distribute or publish any material from this site without first obtaining NICE's permission. Where Crown copyright applies, see the Office of Public Sector Information (formerly HMSO) website for information.",
      "name": "DC.Rights.Copyright",
    },
    Object {
      "content": "eng",
      "name": "DC.Language",
    },
    Object {
      "content": "gb",
      "name": "x-country",
    },
    Object {
      "content": "yes",
      "name": "apple-mobile-web-app-capable",
    },
    Object {
      "content": "NICE",
      "name": "apple-mobile-web-app-title",
    },
    Object {
      "content": "#004650",
      "name": "theme-color",
    },
    Object {
      "content": "#004650",
      "name": "msapplication-TileColor",
    },
    Object {
      "content": "IE=edge; chrome=1",
      "httpEquiv": "x-ua-compatible",
    },
  ],
  "openGraph": Object {
    "images": Array [
      Object {
        "alt": "Logo for NICE (The National Institute for Health and Care Excellence)",
        "height": 630,
        "url": "/open-graph/open-graph-1200x630.png",
        "width": 1200,
      },
      Object {
        "alt": "Logo for NICE (The National Institute for Health and Care Excellence)",
        "height": 1200,
        "url": "/open-graph/open-graph-1200x1200.png",
        "width": 1200,
      },
    ],
    "locale": "en_GB",
    "site_name": "NICE",
    "type": "website",
    "url": "https://next-web-tests.nice.org.uk/",
  },
  "titleTemplate": "%s | NICE",
  "twitter": Object {
    "cardType": "summary",
    "handle": "@NICEComms",
    "site": "@NICEComms",
  },
}
`;
