// Jest Snapshot v1, https://goo.gl/fbAQLP

exports[`/guidance/published should match the snapshot 1`] = `
<div>
  <main
    id="content-start"
  >
    <div
      class="container"
    >
      <nav
        aria-label="Breadcrumbs"
        role="navigation"
      >
        <ol
          class="breadcrumbs"
        >
          <li
            class="breadcrumbs__crumb"
          >
            <a
              href="/"
            >
              Home
            </a>
          </li>
          <li
            class="breadcrumbs__crumb"
          >
            <a
              href="/guidance"
            >
              NICE guidance
            </a>
          </li>
          <li
            class="breadcrumbs__crumb"
          >
            <span>
              Published
            </span>
          </li>
        </ol>
      </nav>
      <script
        type="application/ld+json"
      >
        {
  "@context": "http://schema.org",
  "@type": "BreadcrumbList",
  "itemListElement": [
    {
      "@type": "ListItem",
      "position": 1,
      "item": {
        "@id": "/",
        "name": "Home"
      }
    },
    {
      "@type": "ListItem",
      "position": 2,
      "item": {
        "@id": "/guidance",
        "name": "NICE guidance"
      }
    },
    {
      "@type": "ListItem",
      "position": 3,
      "item": {
        "name": "Published"
      }
    }
  ]
}
      </script>
      <div
        class="page-header"
      >
        <h1
          class="page-header__heading"
        >
          <span
            class="page-header__pre-heading"
          >
            Published 
          </span>
          Guidance, NICE advice and quality standards
        </h1>
        <p
          class="page-header__lead"
        >
          <a
            class="skipLink"
            href="#filters"
          >
            Skip to filters
          </a>
          <a
            class="skipLink"
            href="#results"
          >
            Skip to results
          </a>
        </p>
      </div>
      <nav
        aria-label="Stages of guidance development"
        class="horizontal-nav"
      >
        <ul
          class="horizontal-nav__list"
        >
          <li
            class="horizontal-nav__item"
          >
            <a
              aria-current="false"
              class="horizontal-nav__link"
              href="/guidance/published"
            >
              Published
            </a>
          </li>
          <li
            class="horizontal-nav__item"
          >
            <a
              aria-current="false"
              class="horizontal-nav__link"
              href="/guidance/inconsultation"
            >
              In consultation
            </a>
          </li>
          <li
            class="horizontal-nav__item"
          >
            <a
              aria-current="false"
              class="horizontal-nav__link"
              href="/guidance/indevelopment"
            >
              In development
            </a>
          </li>
          <li
            class="horizontal-nav__item"
          >
            <a
              aria-current="false"
              class="horizontal-nav__link"
              href="/guidance/proposed"
            >
              Proposed
            </a>
          </li>
        </ul>
      </nav>
      <div
        class="grid grid--loose sectionWrapper"
      >
        <section
          aria-label="Filter results"
          class="panelWrapper"
          data-g="12 md:4 lg:3"
        >
          <form
            aria-label="Filter results"
            id="filters"
          >
            <div
              class="filter-panel"
            >
              <h2
                class="filter-panel__heading"
              >
                <button
                  aria-controls="filter-panel-body"
                  aria-expanded="true"
                  type="button"
                >
                  <svg
                    aria-hidden="true"
                    class="filter-panel__heading-icon filter-panel__heading-icon--expanded"
                    fill="none"
                    focusable="false"
                    height="1em"
                    viewBox="0 0 512 512"
                    width="1em"
                    xmlns="http://www.w3.org/2000/svg"
                  >
                    <path
                      d="M478.152 174c0 10.091-3.525 18.661-10.576 25.712l-186 186c-7.243 7.243-15.909 10.864-26 10.864-10.283 0-18.853-3.621-25.712-10.864l-186-186C36.621 192.853 33 184.283 33 174c0-10.091 3.621-18.757 10.864-26L65 126.576C72.424 119.525 81.09 116 91 116c10.091 0 18.661 3.525 25.712 10.576L255.576 265.44 394.44 126.576c7.051-7.051 15.621-10.576 25.712-10.576 9.909 0 18.576 3.525 26 10.576L467.576 148c7.051 7.424 10.576 16.091 10.576 26z"
                      fill="currentColor"
                    />
                  </svg>
                  Filter
                </button>
              </h2>
              <div
                aria-hidden="false"
                class="filter-panel__body"
                id="filter-panel-body"
              >
                <a
                  class="skipLink"
                  href="#results"
                >
                  Skip to results
                </a>
                <input
                  name="ps"
                  type="hidden"
                  value=""
                />
                <input
                  name="s"
                  type="hidden"
                  value=""
                />
                <div
                  class="container"
                >
                  <label
                    class="label"
                    for="q"
                  >
                    Filter by title or keyword
                  </label>
                  <div
                    class="input"
                  >
                    <input
                      autocomplete="off"
                      class="input__input"
                      id="q"
                      name="q"
                      placeholder="E.g. 'diabetes' or 'NG28'"
                      type="text"
                      value=""
                    />
                  </div>
                  <button
                    class="btn button"
                    type="submit"
                  >
                    Filter
                  </button>
                </div>
                <div
                  class="filter-group"
                >
                  <h3
                    class="filter-group__heading"
                  >
                    <button
                      aria-controls="group-last-updated-date"
                      aria-expanded="true"
                      type="button"
                    >
                      <svg
                        aria-hidden="true"
                        class="filter-group__heading-icon filter-group__heading-icon--expanded"
                        fill="none"
                        focusable="false"
                        height="1em"
                        viewBox="0 0 512 512"
                        width="1em"
                        xmlns="http://www.w3.org/2000/svg"
                      >
                        <path
                          d="M478.152 174c0 10.091-3.525 18.661-10.576 25.712l-186 186c-7.243 7.243-15.909 10.864-26 10.864-10.283 0-18.853-3.621-25.712-10.864l-186-186C36.621 192.853 33 184.283 33 174c0-10.091 3.621-18.757 10.864-26L65 126.576C72.424 119.525 81.09 116 91 116c10.091 0 18.661 3.525 25.712 10.576L255.576 265.44 394.44 126.576c7.051-7.051 15.621-10.576 25.712-10.576 9.909 0 18.576 3.525 26 10.576L467.576 148c7.051 7.424 10.576 16.091 10.576 26z"
                          fill="currentColor"
                        />
                      </svg>
                      <span
                        id="group-heading-last-updated-date"
                      >
                        Last updated date
                         
                      </span>
                    </button>
                  </h3>
                  <fieldset
                    aria-hidden="false"
                    class="filter-group__options"
                    id="group-last-updated-date"
                  >
                    <legend>
                      Last updated date
                    </legend>
                    <div
                      class="ph--c pt--c"
                    >
                      <div
                        class="input"
                      >
                        <label
                          class="input__label"
                          for="from"
                        >
                          From date
                        </label>
                        <input
                          class="input__input"
                          id="from"
                          max="2020-11-22"
                          min="2000-01-01"
                          name="from"
                          pattern="[0-9]{4}-(0[1-9]|1[012])-(0[1-9]|1[0-9]|2[0-9]|3[01])"
                          placeholder="yyyy-mm-dd"
                          type="date"
                          value=""
                        />
                      </div>
                      <div
                        class="input"
                      >
                        <label
                          class="input__label"
                          for="to"
                        >
                          To date
                        </label>
                        <input
                          class="input__input"
                          id="to"
                          max="2020-11-22"
                          min="2000-01-01"
                          name="to"
                          pattern="[0-9]{4}-(0[1-9]|1[012])-(0[1-9]|1[0-9]|2[0-9]|3[01])"
                          placeholder="yyyy-mm-dd"
                          type="date"
                          value=""
                        />
                      </div>
                      <button
                        class="btn btn--secondary ml--0"
                        type="submit"
                      >
                        Apply date filters
                      </button>
                    </div>
                  </fieldset>
                </div>
                <div
                  class="filter-group"
                >
                  <h3
                    class="filter-group__heading"
                  >
                    <button
                      aria-controls="group-nai"
                      aria-expanded="true"
                      type="button"
                    >
                      <svg
                        aria-hidden="true"
                        class="filter-group__heading-icon filter-group__heading-icon--expanded"
                        fill="none"
                        focusable="false"
                        height="1em"
                        viewBox="0 0 512 512"
                        width="1em"
                        xmlns="http://www.w3.org/2000/svg"
                      >
                        <path
                          d="M478.152 174c0 10.091-3.525 18.661-10.576 25.712l-186 186c-7.243 7.243-15.909 10.864-26 10.864-10.283 0-18.853-3.621-25.712-10.864l-186-186C36.621 192.853 33 184.283 33 174c0-10.091 3.621-18.757 10.864-26L65 126.576C72.424 119.525 81.09 116 91 116c10.091 0 18.661 3.525 25.712 10.576L255.576 265.44 394.44 126.576c7.051-7.051 15.621-10.576 25.712-10.576 9.909 0 18.576 3.525 26 10.576L467.576 148c7.051 7.424 10.576 16.091 10.576 26z"
                          fill="currentColor"
                        />
                      </svg>
                      <span
                        id="group-heading-nai"
                      >
                        Area of interest
                         
                      </span>
                    </button>
                  </h3>
                  <fieldset
                    aria-hidden="false"
                    class="filter-group__options"
                    id="group-nai"
                  >
                    <legend>
                      Area of interest
                    </legend>
                    <label
                      class="filter-option"
                      for="filter_nai_antimicrobial-prescribing"
                    >
                      <input
                        id="filter_nai_antimicrobial-prescribing"
                        name="nai"
                        title="Area of interest - Antimicrobial prescribing (21)"
                        type="checkbox"
                        value="Antimicrobial prescribing"
                      />
                      <span
                        class="filter-option__text"
                      >
                        Antimicrobial prescribing (21)
                      </span>
                    </label>
                    <label
                      class="filter-option"
                      for="filter_nai_covid-19"
                    >
                      <input
                        id="filter_nai_covid-19"
                        name="nai"
                        title="Area of interest - COVID-19 (19)"
                        type="checkbox"
                        value="COVID-19"
                      />
                      <span
                        class="filter-option__text"
                      >
                        COVID-19 (19)
                      </span>
                    </label>
                  </fieldset>
                </div>
                <div
                  class="filter-group"
                >
                  <h3
                    class="filter-group__heading"
                  >
                    <button
                      aria-controls="group-ndt"
                      aria-expanded="true"
                      type="button"
                    >
                      <svg
                        aria-hidden="true"
                        class="filter-group__heading-icon filter-group__heading-icon--expanded"
                        fill="none"
                        focusable="false"
                        height="1em"
                        viewBox="0 0 512 512"
                        width="1em"
                        xmlns="http://www.w3.org/2000/svg"
                      >
                        <path
                          d="M478.152 174c0 10.091-3.525 18.661-10.576 25.712l-186 186c-7.243 7.243-15.909 10.864-26 10.864-10.283 0-18.853-3.621-25.712-10.864l-186-186C36.621 192.853 33 184.283 33 174c0-10.091 3.621-18.757 10.864-26L65 126.576C72.424 119.525 81.09 116 91 116c10.091 0 18.661 3.525 25.712 10.576L255.576 265.44 394.44 126.576c7.051-7.051 15.621-10.576 25.712-10.576 9.909 0 18.576 3.525 26 10.576L467.576 148c7.051 7.424 10.576 16.091 10.576 26z"
                          fill="currentColor"
                        />
                      </svg>
                      <span
                        id="group-heading-ndt"
                      >
                        Type
                         
                      </span>
                      <span
                        class="filter-group__count"
                      >
                        <span
                          class="visually-hidden"
                        >
                          (
                        </span>
                        1
                         selected
                        <span
                          class="visually-hidden"
                        >
                          )
                        </span>
                      </span>
                    </button>
                  </h3>
                  <fieldset
                    aria-hidden="false"
                    class="filter-group__options"
                    id="group-ndt"
                  >
                    <legend>
                      Type
                    </legend>
                    <label
                      class="filter-option"
                      for="filter_ndt_guidance"
                    >
                      <input
                        checked=""
                        id="filter_ndt_guidance"
                        name="ndt"
                        title="Type - Guidance (350)"
                        type="checkbox"
                        value="Guidance"
                      />
                      <span
                        class="filter-option__text"
                      >
                        Guidance (350)
                      </span>
                    </label>
                  </fieldset>
                </div>
                <div
                  class="filter-group"
                >
                  <h3
                    class="filter-group__heading"
                  >
                    <button
                      aria-controls="group-ngt"
                      aria-expanded="true"
                      type="button"
                    >
                      <svg
                        aria-hidden="true"
                        class="filter-group__heading-icon filter-group__heading-icon--expanded"
                        fill="none"
                        focusable="false"
                        height="1em"
                        viewBox="0 0 512 512"
                        width="1em"
                        xmlns="http://www.w3.org/2000/svg"
                      >
                        <path
                          d="M478.152 174c0 10.091-3.525 18.661-10.576 25.712l-186 186c-7.243 7.243-15.909 10.864-26 10.864-10.283 0-18.853-3.621-25.712-10.864l-186-186C36.621 192.853 33 184.283 33 174c0-10.091 3.621-18.757 10.864-26L65 126.576C72.424 119.525 81.09 116 91 116c10.091 0 18.661 3.525 25.712 10.576L255.576 265.44 394.44 126.576c7.051-7.051 15.621-10.576 25.712-10.576 9.909 0 18.576 3.525 26 10.576L467.576 148c7.051 7.424 10.576 16.091 10.576 26z"
                          fill="currentColor"
                        />
                      </svg>
                      <span
                        id="group-heading-ngt"
                      >
                        Guidance programme
                         
                      </span>
                      <span
                        class="filter-group__count"
                      >
                        <span
                          class="visually-hidden"
                        >
                          (
                        </span>
                        1
                         selected
                        <span
                          class="visually-hidden"
                        >
                          )
                        </span>
                      </span>
                    </button>
                  </h3>
                  <fieldset
                    aria-hidden="false"
                    class="filter-group__options"
                    id="group-ngt"
                  >
                    <legend>
                      Guidance programme
                    </legend>
                    <label
                      class="filter-option"
                      for="filter_ngt_antimicrobial-prescribing-guidelines"
                    >
                      <input
                        id="filter_ngt_antimicrobial-prescribing-guidelines"
                        name="ngt"
                        title="Guidance programme - Antimicrobial prescribing guidelines (20)"
                        type="checkbox"
                        value="Antimicrobial prescribing guidelines"
                      />
                      <span
                        class="filter-option__text"
                      >
                        Antimicrobial prescribing guidelines (20)
                      </span>
                    </label>
                    <label
                      class="filter-option"
                      for="filter_ngt_cancer-service-guidelines"
                    >
                      <input
                        id="filter_ngt_cancer-service-guidelines"
                        name="ngt"
                        title="Guidance programme - Cancer service guidelines (8)"
                        type="checkbox"
                        value="Cancer service guidelines"
                      />
                      <span
                        class="filter-option__text"
                      >
                        Cancer service guidelines (8)
                      </span>
                    </label>
                    <label
                      class="filter-option"
                      for="filter_ngt_clinical-guidelines"
                    >
                      <input
                        id="filter_ngt_clinical-guidelines"
                        name="ngt"
                        title="Guidance programme - Clinical guidelines (213)"
                        type="checkbox"
                        value="Clinical guidelines"
                      />
                      <span
                        class="filter-option__text"
                      >
                        Clinical guidelines (213)
                      </span>
                    </label>
                    <label
                      class="filter-option"
                      for="filter_ngt_covid-19-rapid-guidelines"
                    >
                      <input
                        id="filter_ngt_covid-19-rapid-guidelines"
                        name="ngt"
                        title="Guidance programme - COVID-19 rapid guidelines (19)"
                        type="checkbox"
                        value="COVID-19 rapid guidelines"
                      />
                      <span
                        class="filter-option__text"
                      >
                        COVID-19 rapid guidelines (19)
                      </span>
                    </label>
                    <label
                      class="filter-option"
                      for="filter_ngt_diagnostics-guidance"
                    >
                      <input
                        id="filter_ngt_diagnostics-guidance"
                        name="ngt"
                        title="Guidance programme - Diagnostics guidance (38)"
                        type="checkbox"
                        value="Diagnostics guidance"
                      />
                      <span
                        class="filter-option__text"
                      >
                        Diagnostics guidance (38)
                      </span>
                    </label>
                    <label
                      class="filter-option"
                      for="filter_ngt_highly-specialised-technologies-guidance"
                    >
                      <input
                        id="filter_ngt_highly-specialised-technologies-guidance"
                        name="ngt"
                        title="Guidance programme - Highly specialised technologies guidance (15)"
                        type="checkbox"
                        value="Highly specialised technologies guidance"
                      />
                      <span
                        class="filter-option__text"
                      >
                        Highly specialised technologies guidance (15)
                      </span>
                    </label>
                    <label
                      class="filter-option"
                      for="filter_ngt_interventional-procedures-guidance"
                    >
                      <input
                        id="filter_ngt_interventional-procedures-guidance"
                        name="ngt"
                        title="Guidance programme - Interventional procedures guidance (546)"
                        type="checkbox"
                        value="Interventional procedures guidance"
                      />
                      <span
                        class="filter-option__text"
                      >
                        Interventional procedures guidance (546)
                      </span>
                    </label>
                    <label
                      class="filter-option"
                      for="filter_ngt_medical-technologies-guidance"
                    >
                      <input
                        id="filter_ngt_medical-technologies-guidance"
                        name="ngt"
                        title="Guidance programme - Medical technologies guidance (53)"
                        type="checkbox"
                        value="Medical technologies guidance"
                      />
                      <span
                        class="filter-option__text"
                      >
                        Medical technologies guidance (53)
                      </span>
                    </label>
                    <label
                      class="filter-option"
                      for="filter_ngt_medicines-practice-guidelines"
                    >
                      <input
                        id="filter_ngt_medicines-practice-guidelines"
                        name="ngt"
                        title="Guidance programme - Medicines practice guidelines (5)"
                        type="checkbox"
                        value="Medicines practice guidelines"
                      />
                      <span
                        class="filter-option__text"
                      >
                        Medicines practice guidelines (5)
                      </span>
                    </label>
                    <label
                      class="filter-option"
                      for="filter_ngt_nice-guidelines"
                    >
                      <input
                        checked=""
                        id="filter_ngt_nice-guidelines"
                        name="ngt"
                        title="Guidance programme - NICE guidelines (350)"
                        type="checkbox"
                        value="NICE guidelines"
                      />
                      <span
                        class="filter-option__text"
                      >
                        NICE guidelines (350)
                      </span>
                    </label>
                    <label
                      class="filter-option"
                      for="filter_ngt_public-health-guidelines"
                    >
                      <input
                        id="filter_ngt_public-health-guidelines"
                        name="ngt"
                        title="Guidance programme - Public health guidelines (69)"
                        type="checkbox"
                        value="Public health guidelines"
                      />
                      <span
                        class="filter-option__text"
                      >
                        Public health guidelines (69)
                      </span>
                    </label>
                    <label
                      class="filter-option"
                      for="filter_ngt_safe-staffing-guidelines"
                    >
                      <input
                        id="filter_ngt_safe-staffing-guidelines"
                        name="ngt"
                        title="Guidance programme - Safe staffing guidelines (2)"
                        type="checkbox"
                        value="Safe staffing guidelines"
                      />
                      <span
                        class="filter-option__text"
                      >
                        Safe staffing guidelines (2)
                      </span>
                    </label>
                    <label
                      class="filter-option"
                      for="filter_ngt_social-care-guidelines"
                    >
                      <input
                        id="filter_ngt_social-care-guidelines"
                        name="ngt"
                        title="Guidance programme - Social care guidelines (14)"
                        type="checkbox"
                        value="Social care guidelines"
                      />
                      <span
                        class="filter-option__text"
                      >
                        Social care guidelines (14)
                      </span>
                    </label>
                    <label
                      class="filter-option"
                      for="filter_ngt_technology-appraisal-guidance"
                    >
                      <input
                        id="filter_ngt_technology-appraisal-guidance"
                        name="ngt"
                        title="Guidance programme - Technology appraisal guidance (560)"
                        type="checkbox"
                        value="Technology appraisal guidance"
                      />
                      <span
                        class="filter-option__text"
                      >
                        Technology appraisal guidance (560)
                      </span>
                    </label>
                  </fieldset>
                </div>
              </div>
            </div>
          </form>
        </section>
        <section
          aria-labelledby="filter-summary"
          data-g="12 md:8 lg:9"
        >
          <div
            class="filter-summary"
            id="filter-summary"
          >
            <div
              class="filter-summary__count"
            >
              <h2
                class="h5 mv--0"
              >
                Showing 
                1
                 to 
                10
                 of 
                350
              </h2>
            </div>
            <p
              class="filter-summary__sort hide-print"
            >
              <span>
                <span
                  class="visually-hidden"
                >
                  Sorted by
                </span>
                 
                Date
                <span
                  class="visually-hidden"
                >
                  .
                </span>
              </span>
               
              |
              <span>
                 
                <a
                  aria-label="Sort by Title"
                  class="filter-summary__sort-control"
                  href="/?s=Title"
                >
                  Title
                </a>
                 
              </span>
            </p>
          </div>
          <div
            class="tableWrapper"
          >
            <table
              aria-describedby="filter-summary"
              class="table"
              id="results"
            >
              <caption
                class="visually-hidden"
              >
                Published guidance, NICE advice and quality standards
              </caption>
              <thead>
                <tr>
                  <th
                    scope="col"
                  >
                    Title
                  </th>
                  <th
                    scope="col"
                  >
                    Reference number
                  </th>
                  <th
                    scope="col"
                  >
                    Published
                  </th>
                  <th
                    scope="col"
                  >
                    Last updated
                  </th>
                </tr>
              </thead>
              <tbody>
                <tr>
                  <td>
                    <a
                      href="/guidance/cg181"
                    >
                      Cardiovascular disease: risk assessment and reduction, including lipid modification
                    </a>
                  </td>
                  <td>
                    CG181
                  </td>
                  <td>
                    <time
                      class="date"
                      data-shortdate="18/7/2014"
                      datetime="2014-07-18T12:00:00"
                    >
                      <span>
                        18 July 2014
                      </span>
                    </time>
                  </td>
                  <td>
                    <time
                      class="date"
                      data-shortdate="6/10/2021"
                      datetime="2021-10-06T12:00:00"
                    >
                      <span>
                        6 October 2021
                      </span>
                    </time>
                  </td>
                </tr>
                <tr>
                  <td>
                    <a
                      href="/guidance/ng191"
                    >
                      COVID-19 rapid guideline: managing COVID-19
                    </a>
                  </td>
                  <td>
                    NG191
                  </td>
                  <td>
                    <time
                      class="date"
                      data-shortdate="23/3/2021"
                      datetime="2021-03-23T12:00:00"
                    >
                      <span>
                        23 March 2021
                      </span>
                    </time>
                  </td>
                  <td>
                    <time
                      class="date"
                      data-shortdate="4/10/2021"
                      datetime="2021-10-04T12:00:00"
                    >
                      <span>
                        4 October 2021
                      </span>
                    </time>
                  </td>
                </tr>
                <tr>
                  <td>
                    <a
                      href="/guidance/ng203"
                    >
                      Chronic kidney disease: assessment and management
                    </a>
                  </td>
                  <td>
                    NG203
                  </td>
                  <td>
                    <time
                      class="date"
                      data-shortdate="25/8/2021"
                      datetime="2021-08-25T12:00:00"
                    >
                      <span>
                        25 August 2021
                      </span>
                    </time>
                  </td>
                  <td>
                    <time
                      class="date"
                      data-shortdate="25/8/2021"
                      datetime="2021-08-25T12:00:00"
                    >
                      <span>
                        25 August 2021
                      </span>
                    </time>
                  </td>
                </tr>
                <tr>
                  <td>
                    <a
                      href="/guidance/ng204"
                    >
                      Babies, children and young people's experience of healthcare
                    </a>
                  </td>
                  <td>
                    NG204
                  </td>
                  <td>
                    <time
                      class="date"
                      data-shortdate="25/8/2021"
                      datetime="2021-08-25T12:00:00"
                    >
                      <span>
                        25 August 2021
                      </span>
                    </time>
                  </td>
                  <td>
                    <time
                      class="date"
                      data-shortdate="25/8/2021"
                      datetime="2021-08-25T12:00:00"
                    >
                      <span>
                        25 August 2021
                      </span>
                    </time>
                  </td>
                </tr>
                <tr>
                  <td>
                    <a
                      href="/guidance/ng202"
                    >
                      Obstructive sleep apnoea/hypopnoea syndrome and obesity hypoventilation syndrome in over 16s
                    </a>
                  </td>
                  <td>
                    NG202
                  </td>
                  <td>
                    <time
                      class="date"
                      data-shortdate="20/8/2021"
                      datetime="2021-08-20T12:00:00"
                    >
                      <span>
                        20 August 2021
                      </span>
                    </time>
                  </td>
                  <td>
                    <time
                      class="date"
                      data-shortdate="20/8/2021"
                      datetime="2021-08-20T12:00:00"
                    >
                      <span>
                        20 August 2021
                      </span>
                    </time>
                  </td>
                </tr>
                <tr>
                  <td>
                    <a
                      href="/guidance/ng201"
                    >
                      Antenatal care
                    </a>
                  </td>
                  <td>
                    NG201
                  </td>
                  <td>
                    <time
                      class="date"
                      data-shortdate="19/8/2021"
                      datetime="2021-08-19T12:00:00"
                    >
                      <span>
                        19 August 2021
                      </span>
                    </time>
                  </td>
                  <td>
                    <time
                      class="date"
                      data-shortdate="19/8/2021"
                      datetime="2021-08-19T12:00:00"
                    >
                      <span>
                        19 August 2021
                      </span>
                    </time>
                  </td>
                </tr>
                <tr>
                  <td>
                    <a
                      href="/guidance/ng9"
                    >
                      Bronchiolitis in children: diagnosis and management
                    </a>
                  </td>
                  <td>
                    NG9
                  </td>
                  <td>
                    <time
                      class="date"
                      data-shortdate="1/6/2015"
                      datetime="2015-06-01T12:00:00"
                    >
                      <span>
                        1 June 2015
                      </span>
                    </time>
                  </td>
                  <td>
                    <time
                      class="date"
                      data-shortdate="9/8/2021"
                      datetime="2021-08-09T12:00:00"
                    >
                      <span>
                        9 August 2021
                      </span>
                    </time>
                  </td>
                </tr>
                <tr>
                  <td>
                    <a
                      href="/guidance/ng200"
                    >
                      COVID-19 rapid guideline: vaccine-induced immune thrombocytopenia and thrombosis (VITT)
                    </a>
                  </td>
                  <td>
                    NG200
                  </td>
                  <td>
                    <time
                      class="date"
                      data-shortdate="29/7/2021"
                      datetime="2021-07-29T12:00:00"
                    >
                      <span>
                        29 July 2021
                      </span>
                    </time>
                  </td>
                  <td>
                    <time
                      class="date"
                      data-shortdate="29/7/2021"
                      datetime="2021-07-29T12:00:00"
                    >
                      <span>
                        29 July 2021
                      </span>
                    </time>
                  </td>
                </tr>
                <tr>
                  <td>
                    <a
                      href="/guidance/ng199"
                    >
                      Clostridioides difficile infection: antimicrobial prescribing
                    </a>
                  </td>
                  <td>
                    NG199
                  </td>
                  <td>
                    <time
                      class="date"
                      data-shortdate="23/7/2021"
                      datetime="2021-07-23T12:00:00"
                    >
                      <span>
                        23 July 2021
                      </span>
                    </time>
                  </td>
                  <td>
                    <time
                      class="date"
                      data-shortdate="23/7/2021"
                      datetime="2021-07-23T12:00:00"
                    >
                      <span>
                        23 July 2021
                      </span>
                    </time>
                  </td>
                </tr>
                <tr>
                  <td>
                    <a
                      href="/guidance/ng164"
                    >
                      COVID-19 rapid guideline: haematopoietic stem cell transplantation
                    </a>
                  </td>
                  <td>
                    NG164
                  </td>
                  <td>
                    <time
                      class="date"
                      data-shortdate="1/4/2020"
                      datetime="2020-04-01T12:00:00"
                    >
                      <span>
                        1 April 2020
                      </span>
                    </time>
                  </td>
                  <td>
                    <time
                      class="date"
                      data-shortdate="22/7/2021"
                      datetime="2021-07-22T12:00:00"
                    >
                      <span>
                        22 July 2021
                      </span>
                    </time>
                  </td>
                </tr>
              </tbody>
            </table>
          </div>
          <nav
            aria-label="Pagination"
            class="pagination "
            role="navigation"
          >
            <ol
              class="pagination__list"
            >
              <li
                aria-current="true"
                class="pagination__item pagination__item--current"
              >
                <span
                  class="pagination__inactive"
                >
                  <span
                    class="visually-hidden"
                  >
                    Current page 
                  </span>
                  1
                </span>
              </li>
              <li
                class="pagination__item"
              >
                <a
                  aria-label="Go to page 2"
                  class="pagination__link"
                  href="/?pa=2"
                >
                  2
                </a>
              </li>
              <li
                class="pagination__item"
              >
                <a
                  aria-label="Go to page 3"
                  class="pagination__link"
                  href="/?pa=3"
                >
                  3
                </a>
              </li>
              <li
                class="pagination__item"
              >
                <span
                  class="pagination__inactive"
                >
                  …
                </span>
              </li>
              <li
                class="pagination__item"
              >
                <a
                  aria-label="Go to page 35"
                  class="pagination__link"
                  href="/?pa=35"
                >
                  35
                </a>
              </li>
              <li
                class="pagination__item pagination__item--count"
              >
                <span>
                  Page 
                  <strong>
                    1
                  </strong>
                   of 
                  <strong>
                    35
                  </strong>
                </span>
              </li>
              <li
                class="pagination__item pagination__item--bookend"
              >
                <a
                  class="pagination__link"
                  href="/?pa=2"
                >
                  Next page
                </a>
              </li>
            </ol>
          </nav>
          <div
            class="grid grid--middle mt--d"
          >
            <div
              class="mb--e mb--0-sm"
              data-g="12 sm:6"
            >
              <button
                class="btn mv--0 mh--0"
                type="button"
              >
                Copy 
                10 results
                 to clipboard
              </button>
            </div>
            <div
              class="text-right"
              data-g="12 sm:6"
            >
              <h3
                class="p mt--0 mb--c"
              >
                Results per page
              </h3>
              <ol
                class="list list--piped mv--0"
              >
                <li
                  class="pl--b"
                >
                  10
                </li>
                <li
                  class="pl--b"
                >
                  <a
                    aria-label="Show 25 results per page"
                    class="ph--0"
                    href="/?ps=25"
                  >
                    25
                  </a>
                </li>
                <li
                  class="pl--b"
                >
                  <a
                    aria-label="Show 50 results per page"
                    class="ph--0"
                    href="/?ps=50"
                  >
                    50
                  </a>
                </li>
                <li
                  class="pl--b"
                >
                  <a
                    aria-label="Show All results per page"
                    class="ph--0"
                    href="/?ps=9999"
                  >
                    All
                  </a>
                </li>
              </ol>
            </div>
          </div>
        </section>
      </div>
    </div>
  </main>
  <noscript />
</div>
`;
