// Jest Snapshot v1, https://goo.gl/fbAQLP

exports[`Indicators sitemap XML should exclude withdrawn products and non-indicators from sitemap 1`] = `
"<?xml version=\\"1.0\\" encoding=\\"UTF-8\\"?>
<urlset xmlns=\\"http://www.sitemaps.org/schemas/sitemap/0.9\\" xmlns:news=\\"http://www.google.com/schemas/sitemap-news/0.9\\" xmlns:xhtml=\\"http://www.w3.org/1999/xhtml\\" xmlns:mobile=\\"http://www.google.com/schemas/sitemap-mobile/1.0\\" xmlns:image=\\"http://www.google.com/schemas/sitemap-image/1.1\\" xmlns:video=\\"http://www.google.com/schemas/sitemap-video/1.1\\">
<url><loc>https://next-web-tests.nice.org.uk/indicators/ind1-test-published-indicator-1</loc><lastmod>2022-10-12T07:57:45.0879965Z</lastmod></url>
<url><loc>https://next-web-tests.nice.org.uk/indicators/ind3-test-published-indicator-2</loc><lastmod>2021-11-30</lastmod></url>
</urlset>"
`;
