// Jest Snapshot v1, https://goo.gl/fbAQLP

exports[`IndicatorDetailPage should match snapshot for main content 1`] = `
<body>
  <div>
    <h1>
      /test
    </h1>
    <ul>
      <li>
        IND
      </li>
      <li>
        IND1
         
      </li>
    </ul>
    <p>
      summary goes here
    </p>
  </div>
</body>
`;
