// Jest Snapshot v1, https://goo.gl/fbAQLP

exports[`Spotlight component should match snapshot 1`] = `
<div>
  <section
    class="spotlight"
    data-tracking="spotlight"
  >
    <div
      class="container"
    >
      <h2
        class="heading"
      >
        Mock spotlight title
      </h2>
      <div
        class="content"
      >
        <div
          class="media"
        >
          <figure
            class="figure"
          >
            <link
              as="image"
              href="https://i.ytimg.com/vi_webp/wwSzpaTHyS8/hqdefault.webp"
              rel="prefetch"
            />
            <article
              class="youtubeWrapper "
              data-title="(video) Test Youtube title"
              style="background-image: url(https://i.ytimg.com/vi_webp/wwSzpaTHyS8/hqdefault.webp); --aspect-ratio: 56.25%;"
            >
              <button
                aria-label="Watch (video) Test Youtube title"
                class="youtubePlayButton"
                type="button"
              />
            </article>
            <figcaption
              class="caption"
            >
              Mock media description
            </figcaption>
          </figure>
        </div>
        <div
          class="stories"
        >
          <ul
            class="storyList"
          >
            <li
              class="card"
              data-component="card"
            >
              <div
                class="card__image"
              >
                <picture>
                  <source
                    srcset="http://local-host-test-nice-org.com/f/243782/420x234/7a576133e7/register-for-board-meeting.PNG/m/867x0/filters:format%28jpeg%29:quality%2880%29/m/708x0/filters:format%28avif%29:quality%2880%29"
                    type="image/avif"
                  />
                  <source
                    srcset="http://local-host-test-nice-org.com/f/243782/420x234/7a576133e7/register-for-board-meeting.PNG/m/867x0/filters:format%28jpeg%29:quality%2880%29/m/708x0/filters:format%28webp%29:quality%2880%29"
                    type="image/webp"
                  />
                  <img
                    alt="Kitten mittens"
                    data-nimg="1"
                    decoding="async"
                    height="0"
                    loading="lazy"
                    src="/_next/image?url=http%3A%2F%2Flocal-host-test-nice-org.com%2Ff%2F243782%2F420x234%2F7a576133e7%2Fregister-for-board-meeting.PNG%2Fm%2F867x0%2Ffilters%3Aformat%2528jpeg%2529%3Aquality%252880%2529%2Fm%2F708x0%2Ffilters%3Aformat%2528jpeg%2529%3Aquality%252880%2529&w=1920&q=75"
                    srcset="/_next/image?url=http%3A%2F%2Flocal-host-test-nice-org.com%2Ff%2F243782%2F420x234%2F7a576133e7%2Fregister-for-board-meeting.PNG%2Fm%2F867x0%2Ffilters%3Aformat%2528jpeg%2529%3Aquality%252880%2529%2Fm%2F708x0%2Ffilters%3Aformat%2528jpeg%2529%3Aquality%252880%2529&w=750&q=75 1x, /_next/image?url=http%3A%2F%2Flocal-host-test-nice-org.com%2Ff%2F243782%2F420x234%2F7a576133e7%2Fregister-for-board-meeting.PNG%2Fm%2F867x0%2Ffilters%3Aformat%2528jpeg%2529%3Aquality%252880%2529%2Fm%2F708x0%2Ffilters%3Aformat%2528jpeg%2529%3Aquality%252880%2529&w=1920&q=75 2x"
                    style="color: transparent;"
                    width="708"
                  />
                </picture>
              </div>
              <div
                class="card__text"
              >
                <header
                  class="card__header"
                >
                  <p
                    class="card__heading"
                  >
                    <a
                      href="i/am/a-very-full-slug"
                    >
                      Test news article title
                    </a>
                  </p>
                </header>
                <span
                  class="tag tag--outline"
                  data-component="tag"
                >
                  News
                </span>
              </div>
            </li>
            <li
              class="card"
              data-component="card"
            >
              <div
                class="card__image"
              >
                <picture>
                  <source
                    srcset="http://local-host-test-nice-org.com/f/243782/420x234/7a576133e7/register-for-board-meeting.PNG/m/867x0/filters:format%28jpeg%29:quality%2880%29/m/708x0/filters:format%28avif%29:quality%2880%29"
                    type="image/avif"
                  />
                  <source
                    srcset="http://local-host-test-nice-org.com/f/243782/420x234/7a576133e7/register-for-board-meeting.PNG/m/867x0/filters:format%28jpeg%29:quality%2880%29/m/708x0/filters:format%28webp%29:quality%2880%29"
                    type="image/webp"
                  />
                  <img
                    alt="A kitty cat"
                    data-nimg="1"
                    decoding="async"
                    height="0"
                    loading="lazy"
                    src="/_next/image?url=http%3A%2F%2Flocal-host-test-nice-org.com%2Ff%2F243782%2F420x234%2F7a576133e7%2Fregister-for-board-meeting.PNG%2Fm%2F867x0%2Ffilters%3Aformat%2528jpeg%2529%3Aquality%252880%2529%2Fm%2F708x0%2Ffilters%3Aformat%2528jpeg%2529%3Aquality%252880%2529&w=1920&q=75"
                    srcset="/_next/image?url=http%3A%2F%2Flocal-host-test-nice-org.com%2Ff%2F243782%2F420x234%2F7a576133e7%2Fregister-for-board-meeting.PNG%2Fm%2F867x0%2Ffilters%3Aformat%2528jpeg%2529%3Aquality%252880%2529%2Fm%2F708x0%2Ffilters%3Aformat%2528jpeg%2529%3Aquality%252880%2529&w=750&q=75 1x, /_next/image?url=http%3A%2F%2Flocal-host-test-nice-org.com%2Ff%2F243782%2F420x234%2F7a576133e7%2Fregister-for-board-meeting.PNG%2Fm%2F867x0%2Ffilters%3Aformat%2528jpeg%2529%3Aquality%252880%2529%2Fm%2F708x0%2Ffilters%3Aformat%2528jpeg%2529%3Aquality%252880%2529&w=1920&q=75 2x"
                    style="color: transparent;"
                    width="708"
                  />
                </picture>
              </div>
              <div
                class="card__text"
              >
                <header
                  class="card__header"
                >
                  <p
                    class="card__heading"
                  >
                    <a
                      href="i/am/a-very-full-slug"
                    >
                      Test blog post title
                    </a>
                  </p>
                </header>
                <span
                  class="tag tag--outline"
                  data-component="tag"
                >
                  Blogs
                </span>
              </div>
            </li>
          </ul>
        </div>
      </div>
    </div>
  </section>
</div>
`;
