// Jest Snapshot v1, https://goo.gl/fbAQLP

exports[`LeaveFeedbackForm should match snapshot 1`] = `
<div>
  <nav
    aria-label="Breadcrumbs"
    data-component="breadcrumbs"
    role="navigation"
  >
    <ol
      class="breadcrumbs"
    >
      <li
        class="breadcrumbs__crumb"
      >
        <a
          href="/"
        >
          Home
        </a>
      </li>
      <li
        class="breadcrumbs__crumb"
      >
        <a
          href="/leave-feedback"
        >
          Leave feedback
        </a>
      </li>
      <li
        class="breadcrumbs__crumb"
      >
        <span>
          Leave feedback form
        </span>
      </li>
    </ol>
  </nav>
  <script
    type="application/ld+json"
  >
    {
  "@context": "http://schema.org",
  "@type": "BreadcrumbList",
  "itemListElement": [
    {
      "@type": "ListItem",
      "position": 1,
      "item": {
        "@id": "/",
        "name": "Home"
      }
    },
    {
      "@type": "ListItem",
      "position": 2,
      "item": {
        "@id": "/leave-feedback",
        "name": "Leave feedback"
      }
    },
    {
      "@type": "ListItem",
      "position": 3,
      "item": {
        "name": "Leave feedback form"
      }
    }
  ]
}
  </script>
  <div
    class="grid grid--loose"
  >
    <div
      data-component="grid-item"
      data-g="12 md:12 lg:12"
    >
      <div
        class="page-header"
        data-component="page-header"
        id="content-start"
      >
        <h1
          class="page-header__heading "
        >
          Leave feedback form
        </h1>
        <p
          class="page-header__lead"
        >
          Thank you for taking a look at our website, we'd like to hear your views. This form is only for website feedback, for all other enquiries please contact us
        </p>
      </div>
      <iframe
        allow="geolocation; microphone; camera"
        allowfullscreen=""
        class="iframe"
        data-jotform-id="222773673466870"
        id="JotFormIFrame-222773673466870"
        scrolling="no"
        src="https://next-web-tests.jotform.com/222773673466870?isIframeEmbed=1"
        style="height: 539px; overflow: hidden;"
        title="Leave feedback form"
      />
    </div>
  </div>
</div>
`;
