// Jest Snapshot v1, https://goo.gl/fbAQLP

exports[`NiceContentAssuranceServiceForm should match snapshot 1`] = `
<div>
  <nav
    aria-label="Breadcrumbs"
    data-component="breadcrumbs"
    role="navigation"
  >
    <ol
      class="breadcrumbs"
    >
      <li
        class="breadcrumbs__crumb"
      >
        <a
          href="/"
        >
          Home
        </a>
      </li>
      <li
        class="breadcrumbs__crumb"
      >
        <a
          href="/re-using-our-content"
        >
          Reusing our content
        </a>
      </li>
      <li
        class="breadcrumbs__crumb"
      >
        <a
          href="/re-using-our-content/content-assurance-service"
        >
          Content assurance service
        </a>
      </li>
      <li
        class="breadcrumbs__crumb"
      >
        <span>
          NICE content assurance service form
        </span>
      </li>
    </ol>
  </nav>
  <script
    type="application/ld+json"
  >
    {
  "@context": "http://schema.org",
  "@type": "BreadcrumbList",
  "itemListElement": [
    {
      "@type": "ListItem",
      "position": 1,
      "item": {
        "@id": "/",
        "name": "Home"
      }
    },
    {
      "@type": "ListItem",
      "position": 2,
      "item": {
        "@id": "/re-using-our-content",
        "name": "Reusing our content"
      }
    },
    {
      "@type": "ListItem",
      "position": 3,
      "item": {
        "@id": "/re-using-our-content/content-assurance-service",
        "name": "Content assurance service"
      }
    },
    {
      "@type": "ListItem",
      "position": 4,
      "item": {
        "name": "NICE content assurance service form"
      }
    }
  ]
}
  </script>
  <div
    class="grid grid--loose"
  >
    <div
      data-component="grid-item"
      data-g="12 md:12 lg:12"
    >
      <div
        class="page-header "
        data-component="page-header"
        data-testid="content-start"
        id="content-start"
      >
        <h1
          class="page-header__heading "
        >
          NICE content assurance service form
        </h1>
      </div>
      <p>
        To enable us to process your request as quickly as possible and provide a quote, it is important that you supply us with all the relevant information.
      </p>
      <p>
        We aim to respond within 7 working days. If you have an urgent deadline, please let us know and we will do our best to accommodate this though it may not always be possible due to the high volume of requests we receive.
      </p>
      <p>
        If your publication, product or service is for use outside of the United Kingdom, NICE will provide a content assurance service as part of the permissions process to use our content.
      </p>
      <iframe
        allow="geolocation; microphone; camera"
        allowfullscreen=""
        class="iframe"
        data-jotform-id="241971910941055"
        id="JotFormIFrame-241971910941055"
        scrolling="no"
        src="https://next-web-tests.jotform.com/241971910941055?isIframeEmbed=1"
        style="height: 539px; overflow: hidden;"
        title="NICE content assurance service form"
      />
    </div>
  </div>
</div>
`;
