// Jest Snapshot v1, https://goo.gl/fbAQLP

exports[`InternationalEnquiryForm should match snapshot 1`] = `
<div>
  <nav
    aria-label="Breadcrumbs"
    data-component="breadcrumbs"
    role="navigation"
  >
    <ol
      class="breadcrumbs"
    >
      <li
        class="breadcrumbs__crumb"
      >
        <a
          href="/"
        >
          Home
        </a>
      </li>
      <li
        class="breadcrumbs__crumb"
      >
        <a
          href="/get-involved"
        >
          Get involved
        </a>
      </li>
      <li
        class="breadcrumbs__crumb"
      >
        <a
          href="/get-involved/people-and-communities"
        >
          People and communities - putting you at the heart of our work
        </a>
      </li>
      <li
        class="breadcrumbs__crumb"
      >
        <span>
          People and communities network application
        </span>
      </li>
    </ol>
  </nav>
  <script
    type="application/ld+json"
  >
    {
  "@context": "http://schema.org",
  "@type": "BreadcrumbList",
  "itemListElement": [
    {
      "@type": "ListItem",
      "position": 1,
      "item": {
        "@id": "/",
        "name": "Home"
      }
    },
    {
      "@type": "ListItem",
      "position": 2,
      "item": {
        "@id": "/get-involved",
        "name": "Get involved"
      }
    },
    {
      "@type": "ListItem",
      "position": 3,
      "item": {
        "@id": "/get-involved/people-and-communities",
        "name": "People and communities - putting you at the heart of our work"
      }
    },
    {
      "@type": "ListItem",
      "position": 4,
      "item": {
        "name": "People and communities network application"
      }
    }
  ]
}
  </script>
  <div
    class="grid grid--loose"
  >
    <div
      data-component="grid-item"
      data-g="12 md:12 lg:12"
    >
      <div
        class="page-header "
        data-component="page-header"
        data-testid="content-start"
        id="content-start"
      >
        <h1
          class="page-header__heading "
        >
          People and communities network application
        </h1>
      </div>
      <iframe
        allow="geolocation; microphone; camera"
        allowfullscreen=""
        class="iframe"
        data-jotform-id="232600610579048"
        id="JotFormIFrame-232600610579048"
        scrolling="no"
        src="https://next-web-tests.jotform.com/232600610579048?isIframeEmbed=1"
        style="height: 539px; overflow: hidden;"
        title="People and communities network application"
      />
    </div>
  </div>
</div>
`;
