// Jest Snapshot v1, https://goo.gl/fbAQLP

exports[`InternationalEnquiryForm should match snapshot 1`] = `
<div>
  <nav
    aria-label="Breadcrumbs"
    data-component="breadcrumbs"
    role="navigation"
  >
    <ol
      class="breadcrumbs"
    >
      <li
        class="breadcrumbs__crumb"
      >
        <a
          href="/"
        >
          Home
        </a>
      </li>
      <li
        class="breadcrumbs__crumb"
      >
        <a
          href="/about"
        >
          About
        </a>
      </li>
      <li
        class="breadcrumbs__crumb"
      >
        <a
          href="/about/nice-communities"
        >
          NICE Communities
        </a>
      </li>
      <li
        class="breadcrumbs__crumb"
      >
        <a
          href="/about/nice-communities/nice-and-the-public"
        >
          NICE and the public
        </a>
      </li>
      <li
        class="breadcrumbs__crumb"
      >
        <a
          href="/about/nice-communities/nice-and-the-public/public-involvement"
        >
          Public involvement - putting you at the heart of our work
        </a>
      </li>
      <li
        class="breadcrumbs__crumb"
      >
        <span>
          Public Involvement Programme - expert panel application
        </span>
      </li>
    </ol>
  </nav>
  <script
    type="application/ld+json"
  >
    {
  "@context": "http://schema.org",
  "@type": "BreadcrumbList",
  "itemListElement": [
    {
      "@type": "ListItem",
      "position": 1,
      "item": {
        "@id": "/",
        "name": "Home"
      }
    },
    {
      "@type": "ListItem",
      "position": 2,
      "item": {
        "@id": "/about",
        "name": "About"
      }
    },
    {
      "@type": "ListItem",
      "position": 3,
      "item": {
        "@id": "/about/nice-communities",
        "name": "NICE Communities"
      }
    },
    {
      "@type": "ListItem",
      "position": 4,
      "item": {
        "@id": "/about/nice-communities/nice-and-the-public",
        "name": "NICE and the public"
      }
    },
    {
      "@type": "ListItem",
      "position": 5,
      "item": {
        "@id": "/about/nice-communities/nice-and-the-public/public-involvement",
        "name": "Public involvement - putting you at the heart of our work"
      }
    },
    {
      "@type": "ListItem",
      "position": 6,
      "item": {
        "name": "Public Involvement Programme - expert panel application"
      }
    }
  ]
}
  </script>
  <div
    class="grid grid--loose"
  >
    <div
      data-component="grid-item"
      data-g="12 md:12 lg:12"
    >
      <div
        class="page-header "
        data-component="page-header"
        data-testid="content-start"
        id="content-start"
      >
        <div
          class="grid"
        >
          <div
            data-component="grid-item"
            data-g="12 md:12"
          >
            <h1
              class="page-header__heading "
            >
              Public Involvement Programme - expert panel application
            </h1>
          </div>
        </div>
      </div>
      <iframe
        allow="geolocation; microphone; camera"
        allowfullscreen=""
        class="iframe"
        data-jotform-id="232600610579048"
        id="JotFormIFrame-232600610579048"
        scrolling="no"
        src="https://next-web-tests.jotform.com/232600610579048?isIframeEmbed=1"
        style="height: 539px; overflow: hidden;"
        title="Public Involvement Programme - expert panel application"
      />
    </div>
  </div>
</div>
`;
