// Jest Snapshot v1, https://goo.gl/fbAQLP

exports[`SearchNoResults should match snapshot 1`] = `
<body>
  <div>
    <section
      aria-labelledby="browse-for-content"
    >
      <h3
        id="browse-for-content"
      >
        Try browsing by topic
      </h3>
      <p>
        Our
         
        <a
          href="/guidance/conditions-and-diseases"
        >
          topic pages
        </a>
         
        show all our products in a particular topic area
      </p>
    </section>
    <section
      aria-labelledby="try-other-services"
    >
      <h3
        id="try-other-services"
      >
        Check our other services
      </h3>
      <p>
        See if there are search results for 
        <b>
          wxyzyxxxxyxxy
        </b>
         on our other services:
      </p>
      <ul
        aria-label="Search for \\"wxyzyxxxxyxxy\\" on our other services"
      >
        <li>
          <a
            href="https://bnf.nice.org.uk/search/?q=wxyzyxxxxyxxy&sp=on"
            rel="noreferrer"
            target="_blank"
          >
            BNF
          </a>
        </li>
        <li>
          <a
            href="https://www.nice.org.uk/search?om=[{%22ndt%22:[%22Guidance%22]}]&ps=15&q=wxyzyxxxxyxxy&sp=on"
            rel="noreferrer"
            target="_blank"
          >
            NICE guidance
          </a>
        </li>
        <li>
          <a
            href="https://cks.nice.org.uk/search/?q=wxyzyxxxxyxxy&sp=on"
            rel="noreferrer"
            target="_blank"
          >
            CKS
          </a>
        </li>
      </ul>
      <section
        aria-labelledby="what-are-other-services"
      >
        <h4
          id="what-are-other-services"
        >
          What are our other services?
        </h4>
        <h5>
          British National Formulary (BNF)
        </h5>
        <p>
          Information on the selection, prescribing, dispensing and administration of drugs.
        </p>
        <h5>
          NICE guidance
        </h5>
        <p>
          We use the best available evidence to develop recommendations that guide decisions in health, public health and social care.
        </p>
        <h5>
          Clinical Knowledge Summaries (CKS)
        </h5>
        <p>
          Concise, accessible summaries of current evidence for primary care professionals. Information is presented as patient scenarios or clinical presentations with answers and links to supporting evidence.
        </p>
      </section>
      <section
        aria-labelledby="check-the-nhs-website"
      >
        <h3
          id="check-the-nhs-website"
        >
          Check the NHS website
        </h3>
        <p>
          For general information on health conditions, diseases or medicines check the 
          <a
            href="https://www.nhs.uk/"
          >
            NHS website
          </a>
        </p>
      </section>
    </section>
  </div>
</body>
`;
