// Jest Snapshot v1, https://goo.gl/fbAQLP

exports[`Homepage latest news component should match snapshot 1`] = `
<div>
  <ol
    class="newsGrid"
  >
    <li
      class="newsItem"
    >
      <article
        class="newsCard "
      >
        <a
          aria-hidden="true"
          class="imageContainer"
          href="/i/am/a-very-full-slug"
          style="background-image: url(localhost/f/243782/420x234/7a576133e7/register-for-board-meeting.PNG/m/867x0/filters:format%28jpeg%29:quality%2880%29/m/868x0/filters:quality%2880%29);"
          tabindex="-1"
        >
           
        </a>
        <div>
          <h3
            class="heading"
          >
            <a
              href="/i/am/a-very-full-slug"
            >
              Test news article title
            </a>
          </h3>
          <p>
            Test intro text
          </p>
          <footer>
            <div>
              <span
                class="tag tag--outline"
                data-component="tag"
              >
                News
              </span>
              <time
                class="date"
                datetime="2024-01-31T15:16:15.19"
              >
                31 January 2024
              </time>
            </div>
          </footer>
        </div>
      </article>
    </li>
    <li
      class="newsItem"
    >
      <article
        class="newsCard "
      >
        <a
          aria-hidden="true"
          class="imageContainer"
          href="/i/am/a-very-full-slug"
          style="background-image: url(localhost/f/243782/420x234/7a576133e7/register-for-board-meeting.PNG/m/867x0/filters:format%28jpeg%29:quality%2880%29/m/868x0/filters:quality%2880%29);"
          tabindex="-1"
        >
           
        </a>
        <div>
          <h3
            class="heading"
          >
            <a
              href="/i/am/a-very-full-slug"
            >
              Test blog post title
            </a>
          </h3>
          <p
            class="blogIntroText"
          >
            Let's play Blockbusters!
          </p>
          <footer>
            <div
              class="author"
            >
              Bob Holness
              , 
              Blockbusters host
            </div>
            <div>
              <span
                class="tag tag--outline"
                data-component="tag"
              >
                Blogs
              </span>
              <time
                class="date"
                datetime="2024-02-20"
              >
                20 February 2024
              </time>
            </div>
          </footer>
        </div>
      </article>
    </li>
    <li
      class="newsItem"
    >
      <article
        class="newsCard "
      >
        <a
          aria-hidden="true"
          class="imageContainer"
          href="/i/am/a-very-full-slug"
          style="background-image: url(localhost/f/243782/420x234/7a576133e7/register-for-board-meeting.PNG/m/867x0/filters:format%28jpeg%29:quality%2880%29/m/868x0/filters:quality%2880%29);"
          tabindex="-1"
        >
           
        </a>
        <div>
          <h3
            class="heading"
          >
            <a
              href="/i/am/a-very-full-slug"
            >
              Test news article title
            </a>
          </h3>
          <p>
            Test intro text
          </p>
          <footer>
            <div>
              <span
                class="tag tag--outline"
                data-component="tag"
              >
                News
              </span>
              <time
                class="date"
                datetime="2024-01-31T15:16:15.19"
              >
                31 January 2024
              </time>
            </div>
          </footer>
        </div>
      </article>
    </li>
  </ol>
</div>
`;
